...F
======================================================================
FAIL: test_source_code_no_class_level_dicts (tests.test_script2video_pipeline_event_state.TestScript2VideoPipelineEventState.test_source_code_no_class_level_dicts)
----------------------------------------------------------------------
Traceback (most recent call last):
  File "/app/ViMax/tests/test_script2video_pipeline_event_state.py", line 50, in test_source_code_no_class_level_dicts
    self.assertNotIn("character_portrait_events = {}", source)
AssertionError: 'character_portrait_events = {}' unexpectedly found in 'class Script2VideoPipeline:\n\n    def __init__(\n        self,\n        chat_model: str,\n        image_generator,\n        video_generator,\n        working_dir: str,\n    ):\n        # events\n        self.character_portrait_events = {}\n        self.shot_desc_events = {}\n        self.frame_events = {}\n\n        self.chat_model = chat_model\n        self.image_generator = image_generator\n        self.video_generator = video_generator\n\n        self.character_extractor = CharacterExtractor(chat_model=self.chat_model)\n        self.character_portraits_generator = CharacterPortraitsGenerator(image_generator=self.image_generator)\n        self.storyboard_artist = StoryboardArtist(chat_model=self.chat_model)\n        self.camera_image_generator = CameraImageGenerator(chat_model=self.chat_model, image_generator=self.image_generator, video_generator=self.video_generator)\n        self.reference_image_selector = ReferenceImageSelector(chat_model=self.chat_model)\n\n        self.working_dir = working_dir\n        os.makedirs(self.working_dir, exist_ok=True)\n\n\n\n    @classmethod\n    def init_from_config(cls, config_path: str):\n        with open(config_path, "r") as f:\n            config = yaml.safe_load(f)\n\n        chat_model_args = resolve_chat_model_config(config["chat_model"]["init_args"])\n        chat_model = init_chat_model(**chat_model_args)\n        backend = RenderBackend.from_config(config)\n\n        return cls(\n            chat_model=chat_model,\n            image_generator=backend.image_generator,\n            video_generator=backend.video_generator,\n            working_dir=config["working_dir"],\n        )\n\n    async def __call__(\n        self,\n        script: str,\n        user_requirement: str,\n        style: str,\n        characters: List[CharacterInScene] = None,\n        character_portraits_registry: Optional[Dict[str, Dict[str, Dict[str, str]]]] = None,\n    ):\n        if characters is None:\n            characters = await self.extract_characters(script=script)\n\n            # characters_path = os.path.join(self.working_dir, "characters.json")\n            # if os.path.exists(characters_path):\n            #     with open(characters_path, "r", encoding="utf-8") as f:\n            #         characters = [CharacterInScene.model_validate(c) for c in json.load(f)]\n            #     print(f"🚀 Loaded {len(characters)} characters from existing file.")\n            # else:\n            #     print(f"🔍 Extracting characters from script...")\n            #     characters = await self.extract_characters(script=script)\n            #     with open(characters_path, "w", encoding="utf-8") as f:\n            #         json.dump([c.model_dump() for c in characters], f, ensure_ascii=False, indent=4)\n            #     print(f"☑️ Extracted {len(characters)} characters from script and saved to {characters_path}.")\n\n        if character_portraits_registry is None:\n            character_portraits_registry_path = os.path.join(self.working_dir, "character_portraits_registry.json")\n            if os.path.exists(character_portraits_registry_path):\n                with open(character_portraits_registry_path, "r", encoding="utf-8") as f:\n                    character_portraits_registry = json.load(f)\n                print(f"🚀 Loaded {len(character_portraits_registry)} character portraits from existing file.")\n            else:\n                print(f"🔍 Generating character portraits...")\n                character_portraits_registry = await self.generate_character_portraits(\n                    characters=characters,\n                    character_portraits_registry=None,\n                    style=style,\n                )\n\n                with open(character_portraits_registry_path, "w", encoding="utf-8") as f:\n                    json.dump(character_portraits_registry, f, ensure_ascii=False, indent=4)\n                print(f"☑️ Generated {len(character_portraits_registry)} character portraits and saved to {character_portraits_registry_path}.")\n\n\n\n        # design shots\n        storyboard = await self.design_storyboard(\n            script=script,\n            characters=characters,\n            user_requirement=user_requirement,\n        )\n\n        # decompose visual descriptions of shots\n        shot_descriptions = await self.decompose_visual_descriptions(\n            shot_brief_descriptions=storyboard,\n            characters=characters,\n        )\n\n        # construct camera tree\n        camera_tree = await self.construct_camera_tree(\n            shot_descriptions=shot_descriptions,\n        )\n\n        priority_shot_idxs = [camera.parent_cam_idx for camera in camera_tree if camera.parent_cam_idx is not None]\n        tasks = [\n            self.generate_frames_for_single_camera(\n                camera=camera,\n                shot_descriptions=shot_descriptions,\n                characters=characters,\n                character_portraits_registry=character_portraits_registry,\n                priority_shot_idxs=priority_shot_idxs,\n            )\n            for camera in camera_tree\n        ]\n\n        video_tasks = [\n            self.generate_video_for_single_shot(\n                shot_description=shot_description,\n            )\n            for shot_description in shot_descriptions\n        ]\n        tasks.extend(video_tasks)\n        await asyncio.gather(*tasks)\n\n        final_video_path = os.path.join(self.working_dir, "final_video.mp4")\n        if os.path.exists(final_video_path):\n            print(f"🚀 Skipped concatenating videos, already exists.")\n        else:\n            print(f"🎬 Starting concatenating videos...")\n            video_clips = [\n                VideoFileClip(os.path.join(self.working_dir, "shots", f"{shot_description.idx}", "video.mp4"))\n                for shot_description in shot_descriptions\n            ]\n            final_video = concatenate_videoclips(video_clips)\n            final_video.write_videofile(final_video_path, codec="libx264", preset="medium")\n            print(f"☑️ Concatenated videos, saved to {final_video_path}.")\n\n        return final_video_path\n\n\n    async def generate_frames_for_single_camera(\n        self,\n        camera: Camera,\n        shot_descriptions: List[ShotDescription],\n        characters: List[CharacterInScene],\n        character_portraits_registry: Dict[str, Dict[str, Dict[str, str]]],\n        priority_shot_idxs: List[int],\n    ):\n        # 1. generate the first_frame of the first shot of the camera\n        first_shot_idx = camera.active_shot_idxs[0]\n        first_shot_ff_path = os.path.join(self.working_dir, "shots", f"{first_shot_idx}", "first_frame.png")\n\n        if os.path.exists(first_shot_ff_path):\n            print(f"🚀 Skipped generating first_frame for shot {first_shot_idx}, already exists.")\n            self.frame_events[first_shot_idx]["first_frame"].set()\n\n        else:\n            print(f"🖼️ Starting first_frame generation for shot {first_shot_idx}...")\n            available_image_path_and_text_pairs = []\n\n            for character_idx in shot_descriptions[first_shot_idx].ff_vis_char_idxs:\n                identifier_in_scene = characters[character_idx].identifier_in_scene\n                registry_item = character_portraits_registry[identifier_in_scene]\n                for view, item in registry_item.items():\n                    available_image_path_and_text_pairs.append((item["path"], item["description"]))\n            \n            # generate the first_frame based on the shot_description.ff_desc\n            if camera.parent_shot_idx is not None:\n                # generate the first_frame based on the transition video\n                parent_shot_idx = camera.parent_shot_idx\n                await self.frame_events[parent_shot_idx]["first_frame"].wait()\n                parent_shot_ff_path = os.path.join(self.working_dir, "shots", f"{parent_shot_idx}", "first_frame.png")\n                transition_video_path = os.path.join(self.working_dir, "shots", f"{first_shot_idx}", f"transition_video_from_shot_{parent_shot_idx}.mp4")\n\n                if os.path.exists(transition_video_path):\n                    print(f"🚀 Skipped generating transition video for shot {first_shot_idx} from shot {parent_shot_idx}, already exists.")\n                else:\n                    print(f"🖼️ Starting transition video generation for shot {first_shot_idx} from shot {parent_shot_idx}...")\n                    transition_video_output = await self.camera_image_generator.generate_transition_video(\n                        first_shot_visual_desc=shot_descriptions[parent_shot_idx].visual_desc,\n                        second_shot_visual_desc=shot_descriptions[first_shot_idx].visual_desc,\n                        first_shot_ff_path=parent_shot_ff_path,\n                    )\n                    transition_video_output.save(transition_video_path)\n                    print(f"☑️ Generated transition video for shot {first_shot_idx} from shot {parent_shot_idx}, saved to {transition_video_path}.")\n\n                new_camera_image_path = os.path.join(self.working_dir, "shots", f"{first_shot_idx}", f"new_camera_{camera.idx}.png")\n                if os.path.exists(new_camera_image_path):\n                    print(f"🚀 Skipped generating new camera image for shot {first_shot_idx}, already exists.")\n                else:\n                    print(f"🖼️ Starting new camera image generation for shot {first_shot_idx}...")\n                    new_camera_image = self.camera_image_generator.get_new_camera_image(transition_video_path)\n                    new_camera_image.save(new_camera_image_path)\n                    print(f"☑️ Generated new camera image for shot {first_shot_idx} (not completed), saved to {new_camera_image_path}.")\n\n                    available_image_path_and_text_pairs.append(\n                        (\n                            new_camera_image_path,\n                            f"The composition and background are correct but some elements may be wrong. The wrong elements should be replaced.\\nWrong elements: {camera.missing_info}.\\nYou must select this image as the main reference and replace the characters in the image with the provided character portraits. Don\'t change the background."\n                        )\n                    )\n\n\n            # 如果子镜头缺少信息，则需要选择参考图像生成\n            if camera.parent_shot_idx is None or camera.missing_info is not None:\n                ff_selector_output_path = os.path.join(self.working_dir, "shots", f"{first_shot_idx}", "first_frame_selector_output.json")\n                if os.path.exists(ff_selector_output_path):\n                    with open(ff_selector_output_path, \'r\', encoding=\'utf-8\') as f:\n                        ff_selector_output = json.load(f)\n                    print(f"🚀 Loaded existing reference image selection and prompt for first_frame of shot {first_shot_idx} from {ff_selector_output_path}.")\n                else:\n                    print(f"🔍 Selecting reference images and generating prompt for first_frame of shot {first_shot_idx}...")\n                    ff_selector_output = await self.reference_image_selector.select_reference_images_and_generate_prompt(\n                        available_image_path_and_text_pairs=available_image_path_and_text_pairs,\n                        frame_description=shot_descriptions[first_shot_idx].ff_desc\n                    )\n                    with open(ff_selector_output_path, \'w\', encoding=\'utf-8\') as f:\n                        json.dump(ff_selector_output, f, ensure_ascii=False, indent=4)\n\n                    print(f"☑️ Selected reference images and generated prompt for first_frame of shot {first_shot_idx}, saved to {ff_selector_output_path}.")\n\n                reference_image_path_and_text_pairs, prompt = ff_selector_output["reference_image_path_and_text_pairs"], ff_selector_output["text_prompt"]\n                prefix_prompt = ""\n                for i, (image_path, text) in enumerate(reference_image_path_and_text_pairs):\n                    prefix_prompt += f"Image {i}: {text}\\n"\n                prompt = f"{prefix_prompt}\\n{prompt}"\n                reference_image_paths = [item[0] for item in reference_image_path_and_text_pairs]\n                ff_image: ImageOutput = await self.image_generator.generate_single_image(\n                    prompt=prompt,\n                    reference_image_paths=reference_image_paths,\n                    size="1600x900",\n                )\n                ff_image.save(first_shot_ff_path)\n                self.frame_events[first_shot_idx]["first_frame"].set()\n                print(f"☑️ Generated first_frame for shot {first_shot_idx}, saved to {first_shot_ff_path}.")\n            else:\n                shutil.copy(new_camera_image_path, first_shot_ff_path)\n                self.frame_events[first_shot_idx]["first_frame"].set()\n                print(f"☑️ Generated first_frame for shot {first_shot_idx}, saved to {first_shot_ff_path}.")\n\n\n        # 2. generate the following frames of the camera\n        priority_tasks = []\n        normal_tasks = []\n\n        if shot_descriptions[first_shot_idx].variation_type in ["medium", "large"]:\n            task = self.generate_frame_for_single_shot(\n                shot_idx=first_shot_idx, \n                frame_type="last_frame", \n                first_shot_ff_path_and_text_pair=(first_shot_ff_path, shot_descriptions[first_shot_idx].ff_desc),\n                frame_desc=shot_descriptions[first_shot_idx].lf_desc,\n                visible_characters=[characters[idx] for idx in shot_descriptions[first_shot_idx].lf_vis_char_idxs],\n                character_portraits_registry=character_portraits_registry,\n            )\n            normal_tasks.append(task)\n\n        for shot_idx in camera.active_shot_idxs[1:]:\n            first_frame_task = self.generate_frame_for_single_shot(\n                    shot_idx=shot_idx, \n                    frame_type="first_frame", \n                    first_shot_ff_path_and_text_pair=(first_shot_ff_path, shot_descriptions[first_shot_idx].ff_desc),\n                    frame_desc=shot_descriptions[shot_idx].ff_desc,\n                    visible_characters=[characters[idx] for idx in shot_descriptions[shot_idx].ff_vis_char_idxs],\n                    character_portraits_registry=character_portraits_registry,\n                )\n            if shot_idx in priority_shot_idxs:\n                priority_tasks.append(first_frame_task)\n            else:\n                normal_tasks.append(first_frame_task)\n\n\n            if shot_descriptions[shot_idx].variation_type in ["medium", "large"]:\n                last_frame_task = self.generate_frame_for_single_shot(\n                    shot_idx=shot_idx, \n                    frame_type="last_frame", \n                    first_shot_ff_path_and_text_pair=(first_shot_ff_path, shot_descriptions[first_shot_idx].ff_desc),\n                    frame_desc=shot_descriptions[shot_idx].lf_desc,\n                    visible_characters=[characters[idx] for idx in shot_descriptions[shot_idx].lf_vis_char_idxs],\n                    character_portraits_registry=character_portraits_registry,\n                )\n                normal_tasks.append(last_frame_task)\n\n\n        await asyncio.gather(*priority_tasks)\n        await asyncio.gather(*normal_tasks)\n\n\n\n    async def generate_video_for_single_shot(\n        self,\n        shot_description: ShotDescription,\n    ):\n        video_path = os.path.join(self.working_dir, "shots", f"{shot_description.idx}", "video.mp4")\n        if os.path.exists(video_path):\n            print(f"🚀 Skipped generating video for shot {shot_description.idx}, already exists.")\n        else:\n            await self.frame_events[shot_description.idx]["first_frame"].wait()\n            if shot_description.variation_type in ["medium", "large"]:\n                await self.frame_events[shot_description.idx]["last_frame"].wait()\n\n            frame_paths = []\n            frame_paths.append(os.path.join(self.working_dir, "shots", f"{shot_description.idx}", "first_frame.png"))\n            if shot_description.variation_type in ["medium", "large"]:\n                frame_paths.append(os.path.join(self.working_dir, "shots", f"{shot_description.idx}", "last_frame.png"))\n\n            print(f"🎬 Starting video generation for shot {shot_description.idx}...")\n            video_output = await self.video_generator.generate_single_video(\n                prompt=shot_description.motion_desc + "\\n" + shot_description.audio_desc,\n                reference_image_paths=frame_paths,\n            )\n            video_output.save(video_path)\n            print(f"☑️ Generated video for shot {shot_description.idx}, saved to {video_path}.")\n\n    async def generate_frame_for_single_shot(\n        self,\n        shot_idx: int,\n        frame_type: Literal["first_frame", "last_frame"],\n        first_shot_ff_path_and_text_pair: Tuple[str, str],\n        frame_desc: str,\n        visible_characters: List[CharacterInScene],\n        character_portraits_registry: Dict[str, Dict[str, Dict[str, str]]],\n    ) -> ImageOutput:\n\n        frame_image_path = os.path.join(self.working_dir, "shots", f"{shot_idx}", f"{frame_type}.png")\n\n        if os.path.exists(frame_image_path):\n            print(f"🚀 Skipped generating {frame_type} for shot {shot_idx}, already exists.")\n\n        else:\n            print(f"🖼️ Starting {frame_type} generation for shot {shot_idx}...")\n            available_image_path_and_text_pairs = []\n            for visible_character in visible_characters:\n                identifier_in_scene = visible_character.identifier_in_scene\n                registry_item = character_portraits_registry[identifier_in_scene]\n                for view, item in registry_item.items():\n                    available_image_path_and_text_pairs.append((item["path"], item["description"]))\n\n            available_image_path_and_text_pairs.append(first_shot_ff_path_and_text_pair)\n\n            selector_output_path = os.path.join(self.working_dir, "shots", f"{shot_idx}", f"{frame_type}_selector_output.json")\n            if os.path.exists(selector_output_path):\n                with open(selector_output_path, \'r\', encoding=\'utf-8\') as f:\n                    selector_output = json.load(f)\n                print(f"🚀 Loaded existing reference image selection and prompt for {frame_type} frame of shot {shot_idx} from {selector_output_path}.")\n            else:\n                print(f"🔍 Selecting reference images and generating prompt for {frame_type} frame of shot {shot_idx}...")\n                selector_output = await self.reference_image_selector.select_reference_images_and_generate_prompt(\n                    available_image_path_and_text_pairs=available_image_path_and_text_pairs,\n                    frame_description=frame_desc\n                )\n                with open(selector_output_path, \'w\', encoding=\'utf-8\') as f:\n                    json.dump(selector_output, f, ensure_ascii=False, indent=4)\n                print(f"☑️ Selected reference images and generated prompt for {frame_type} frame of shot {shot_idx}, saved to {selector_output_path}.")\n\n            reference_image_path_and_text_pairs, prompt = selector_output["reference_image_path_and_text_pairs"], selector_output["text_prompt"]\n            prefix_prompt = ""\n            for i, (image_path, text) in enumerate(reference_image_path_and_text_pairs):\n                prefix_prompt += f"Image {i}: {text}\\n"\n            prompt = f"{prefix_prompt}\\n{prompt}"\n            reference_image_paths = [item[0] for item in reference_image_path_and_text_pairs]\n\n            frame_image: ImageOutput = await self.image_generator.generate_single_image(\n                prompt=prompt,\n                reference_image_paths=reference_image_paths,\n                size="1600x900",\n            )\n            frame_image.save(frame_image_path)\n            print(f"☑️ Generated {frame_type} frame for shot {shot_idx}, saved to {frame_image_path}.")\n\n\n        self.frame_events[shot_idx][frame_type].set()\n        return frame_image_path\n\n\n    async def construct_camera_tree(\n        self,\n        shot_descriptions: List[ShotDescription],\n    ):\n        camera_tree_path = os.path.join(self.working_dir, "camera_tree.json")\n\n        if os.path.exists(camera_tree_path):\n            with open(camera_tree_path, "r", encoding="utf-8") as f:\n                camera_tree = json.load(f)\n            camera_tree = [Camera.model_validate(camera) for camera in camera_tree]\n            print(f"🚀 Loaded {len(camera_tree)} cameras from existing file.")\n            return camera_tree\n\n        cameras: List[Camera] = []\n        for shot_description in shot_descriptions:\n            if shot_description.cam_idx not in [camera.idx for camera in cameras]:\n                cameras.append(Camera(idx=shot_description.cam_idx, active_shot_idxs=[shot_description.idx]))\n            else:\n                cameras[shot_description.cam_idx].active_shot_idxs.append(shot_description.idx)\n\n        camera_tree = await self.camera_image_generator.construct_camera_tree(cameras=cameras, shot_descs=shot_descriptions)\n        with open(camera_tree_path, "w", encoding="utf-8") as f:\n            json.dump([camera.model_dump() for camera in camera_tree], f, ensure_ascii=False, indent=4)\n        print(f"✅ Constructed camera tree and saved to {camera_tree_path}.")\n        return camera_tree\n\n\n\n\n    async def extract_characters(\n        self,\n        script: str,\n    ):\n        save_path = os.path.join(self.working_dir, "characters.json")\n\n        if os.path.exists(save_path):\n            with open(save_path, "r", encoding="utf-8") as f:\n                characters = json.load(f)\n            characters = [CharacterInScene.model_validate(character) for character in characters]\n            print(f"🚀 Loaded {len(characters)} characters from existing file.")\n        else:\n            characters = await self.character_extractor.extract_characters(script)\n            with open(save_path, "w", encoding="utf-8") as f:\n                json.dump([character.model_dump() for character in characters], f, ensure_ascii=False, indent=4)\n            print(f"✅ Extracted {len(characters)} characters from script and saved to {save_path}.")\n\n        for character in characters:\n            self.character_portrait_events[character.idx] = asyncio.Event()\n\n        return characters\n\n\n    async def generate_character_portraits(\n        self,\n        characters: List[CharacterInScene],\n        character_portraits_registry: Optional[Dict[str, Dict[str, Dict[str, str]]]],\n        style: str,\n    ):\n        character_portraits_registry_path = os.path.join(self.working_dir, "character_portraits_registry.json")\n        if character_portraits_registry is None:\n            if os.path.exists(character_portraits_registry_path):\n                with open(character_portraits_registry_path, \'r\', encoding=\'utf-8\') as f:\n                    character_portraits_registry = json.load(f)\n            else:\n                character_portraits_registry = {}\n\n\n        tasks = [\n            self.generate_portraits_for_single_character(character, style)\n            for character in characters\n            if character.identifier_in_scene not in character_portraits_registry\n        ]\n        if tasks:\n            for future in asyncio.as_completed(tasks):\n                character_portraits_registry.update(await future)\n                with open(character_portraits_registry_path, \'w\', encoding=\'utf-8\') as f:\n                    json.dump(character_portraits_registry, f, ensure_ascii=False, indent=4)\n\n            print(f"✅ Completed character portrait generation for {len(characters)} characters.")\n        else:\n            print("🚀 All characters already have portraits, skipping portrait generation.")\n        return character_portraits_registry\n\n\n    async def generate_portraits_for_single_character(\n        self,\n        character: CharacterInScene,\n        style: str,\n    ):\n        character_dir = os.path.join(self.working_dir, "character_portraits", f"{character.idx}_{character.identifier_in_scene}")\n        os.makedirs(character_dir, exist_ok=True)\n\n        front_portrait_path = os.path.join(character_dir, "front.png")\n        if os.path.exists(front_portrait_path):\n            pass\n        else:\n            front_portrait_output = await self.character_portraits_generator.generate_front_portrait(character, style)\n            front_portrait_output.save(front_portrait_path)\n\n\n        side_portrait_path = os.path.join(character_dir, "side.png")\n        if os.path.exists(side_portrait_path):\n            pass\n        else:\n            side_portrait_output = await self.character_portraits_generator.generate_side_portrait(character, front_portrait_path)\n            side_portrait_output.save(side_portrait_path)\n\n        back_portrait_path = os.path.join(character_dir, "back.png")\n        if os.path.exists(back_portrait_path):\n            pass\n        else:\n            back_portrait_output = await self.character_portraits_generator.generate_back_portrait(character, front_portrait_path)\n            back_portrait_output.save(back_portrait_path)\n\n        self.character_portrait_events[character.idx].set()\n\n        print(f"☑️ Completed character portrait generation for {character.identifier_in_scene}.")\n\n        return {\n            character.identifier_in_scene: {\n                "front": {\n                    "path": front_portrait_path,\n                    "description": f"A front view portrait of {character.identifier_in_scene}.",\n                },\n                "side": {\n                    "path": side_portrait_path,\n                    "description": f"A side view portrait of {character.identifier_in_scene}.",\n                },\n                "back": {\n                    "path": back_portrait_path,\n                    "description": f"A back view portrait of {character.identifier_in_scene}.",\n                },\n            }\n        }\n\n\n\n    async def design_storyboard(\n        self,\n        script: str,\n        characters: List[CharacterInScene],\n        user_requirement: str,\n    ):\n        storyboard_path = os.path.join(self.working_dir, "storyboard.json")\n        if os.path.exists(storyboard_path):\n            with open(storyboard_path, \'r\', encoding=\'utf-8\') as f:\n                storyboard = json.load(f)\n            storyboard = [ShotBriefDescription.model_validate(shot) for shot in storyboard]\n            print(f"🚀 Loaded {len(storyboard)} shot brief descriptions from existing file.")\n        else:\n            print(f"🔍 Designing storyboard...")\n            storyboard = await self.storyboard_artist.design_storyboard(\n                script=script,\n                characters=characters,\n                user_requirement=user_requirement,\n                retry_timeout=150,\n            )\n            with open(storyboard_path, \'w\', encoding=\'utf-8\') as f:\n                json.dump([shot.model_dump() for shot in storyboard], f, ensure_ascii=False, indent=4)\n            print(f"✅ Designed storyboard and saved to {storyboard_path}.")\n\n        for shot_brief_description in storyboard:\n            self.shot_desc_events[shot_brief_description.idx] = asyncio.Event()\n\n        return storyboard\n\n\n\n    async def decompose_visual_descriptions(\n        self,\n        shot_brief_descriptions: List[ShotBriefDescription],\n        characters: List[CharacterInScene],\n    ):\n        tasks = [\n            self.decompose_visual_description_for_single_shot_brief_description(shot_brief_description, characters)\n            for shot_brief_description in shot_brief_descriptions\n        ]\n\n        shot_descriptions = await asyncio.gather(*tasks)\n        return shot_descriptions\n\n\n    async def decompose_visual_description_for_single_shot_brief_description(\n        self,\n        shot_brief_description: ShotBriefDescription,\n        characters: List[CharacterInScene],\n    ):\n        shot_description_path = os.path.join(self.working_dir, "shots", f"{shot_brief_description.idx}", "shot_description.json")\n        os.makedirs(os.path.dirname(shot_description_path), exist_ok=True)\n\n        if os.path.exists(shot_description_path):\n            with open(shot_description_path, \'r\', encoding=\'utf-8\') as f:\n                shot_description = ShotDescription.model_validate(json.load(f))\n            print(f"🚀 Loaded shot {shot_brief_description.idx} description from existing file.")\n        else:\n            shot_description = await self.storyboard_artist.decompose_visual_description(\n                shot_brief_desc=shot_brief_description,\n                characters=characters,\n                retry_timeout=120,\n            )\n            with open(shot_description_path, \'w\', encoding=\'utf-8\') as f:\n                json.dump(shot_description.model_dump(), f, ensure_ascii=False, indent=4)\n            print(f"✅ Decomposed visual description for shot {shot_brief_description.idx} and saved to {shot_description_path}.")\n\n        self.shot_desc_events[shot_brief_description.idx].set()\n\n        if shot_description.variation_type in ["medium", "large"]:\n            self.frame_events[shot_brief_description.idx] = {\n                "first_frame": asyncio.Event(),\n                "last_frame": asyncio.Event(),\n            }\n        else:\n            self.frame_events[shot_brief_description.idx] = {\n                "first_frame": asyncio.Event(),\n            }\n\n        return shot_description\n'

----------------------------------------------------------------------
Ran 4 tests in 0.014s

FAILED (failures=1)
